Windows PowerShell
(C) Корпорация Майкрософт (Microsoft Corporation). Все права защищены.
Попробуйте новую кроссплатформенную оболочку PowerShell (https://aka.ms/pscore6)

PS C:\Windows\system32> ssh -p 8022 mordvin@localhost
mordvin@localhost's password:
Welcome to Ubuntu 22.04.4 LTS (GNU/Linux 6.5.0-41-generic x86_64)
 * Documentation:  https://help.ubuntu.com
 * Management:     https://landscape.canonical.com
 * Support:        https://ubuntu.com/pro
Расширенное поддержание безопасности (ESM) для Applications выключено.
0 обновлений может быть применено немедленно.
2 дополнительных обновления безопасности могут быть применены с помощью ESM Apps.
Подробнее о включении службы ESM Apps at https://ubuntu.com/esm

The list of available updates is more than a week old.
To check for new updates run: sudo apt update
Last login: Wed Jun 19 12:59:25 2024 from 10.0.2.2

mordvin@LenovoLinux:~$ sudo su
[sudo] пароль для mordvin:
root@LenovoLinux:/home/mordvin# ll
итого 148
drwxr-x--- 18 mordvin mordvin  4096 сен  7 16:12  ./
drwxr-xr-x  3 root    root     4096 мая 18 13:39  ../
drwxr-xr-x  2 root    root     4096 мая 23 23:22  bakNetplan/
-rw-------  1 mordvin mordvin 12881 июн 19 13:28  .bash_history
-rw-r--r--  1 mordvin mordvin   220 мая 16 12:11  .bash_logout
-rw-r--r--  1 mordvin mordvin  3771 мая 16 12:11  .bashrc
drwx------ 13 mordvin mordvin  4096 июн  3 11:53  .cache/
drwx------ 15 mordvin mordvin  4096 июн 19 11:50  .config/
drwxrwxr-x  6 mordvin mordvin  4096 июн  3 12:01  Documents/
drwxrwxr-x  3 mordvin mordvin  4096 мая 23 00:15  Downloads/
drwxrwxrwx  3 root    root     4096 мая 16 13:44  GB/
-rw-------  1 mordvin mordvin    20 июн  3 13:39  .lesshst
drwx------  3 mordvin mordvin  4096 мая 16 12:17  .local/
-rw-r--r--  1 mordvin mordvin   807 мая 16 12:11  .profile
-rw-rw-r--  1 mordvin mordvin    66 мая 23 00:40  .selected_editor
drwx------  4 mordvin mordvin  4096 мая 16 12:27  snap/
-rw-r--r--  1 root    root        0 мая 28 11:35  ssh
-rw-r--r--  1 mordvin mordvin     0 мая 16 12:26  .sudo_as_admin_successful
-rw-r-----  1 mordvin mordvin     5 сен  7 16:12  .vboxclient-clipboard-tty2-control.pid
-rw-r-----  1 mordvin mordvin     5 сен  7 16:12  .vboxclient-clipboard-tty2-service.pid
-rw-r-----  1 mordvin mordvin     5 сен  7 16:12  .vboxclient-draganddrop-tty2-control.pid
-rw-r-----  1 mordvin mordvin     5 сен  7 16:12  .vboxclient-draganddrop-tty2-service.pid
-rw-r-----  1 mordvin mordvin     5 сен  7 16:12  .vboxclient-hostversion-tty2-control.pid
-rw-r-----  1 mordvin mordvin     5 сен  7 16:12  .vboxclient-seamless-tty2-control.pid
-rw-r-----  1 mordvin mordvin     5 сен  7 16:12  .vboxclient-seamless-tty2-service.pid
-rw-r-----  1 mordvin mordvin     5 сен  7 16:12  .vboxclient-vmsvga-session-tty2-control.pid
-rw-r-----  1 mordvin mordvin     5 сен  7 16:12  .vboxclient-vmsvga-session-tty2-service.pid
-rw-rw-r--  1 mordvin mordvin   168 мая 22 22:37  .wget-hsts
drwxr-xr-x  2 mordvin mordvin  4096 мая 16 12:17  Видео/
drwxr-xr-x  2 mordvin mordvin  4096 мая 16 13:53  Документы/
drwxr-xr-x  2 mordvin mordvin  4096 мая 16 12:17  Загрузки/
drwxr-xr-x  2 mordvin mordvin  4096 мая 16 12:17  Изображения/
drwxr-xr-x  2 mordvin mordvin  4096 мая 16 12:17  Музыка/
drwxr-xr-x  2 mordvin mordvin  4096 мая 16 12:17  Общедоступные/
drwxr-xr-x  2 mordvin mordvin  4096 мая 16 12:17 'Рабочий стол'/
drwxr-xr-x  2 mordvin mordvin  4096 мая 16 12:17  Шаблоны/
root@LenovoLinux:/home/mordvin# cd Documents/
root@LenovoLinux:/home/mordvin/Documents# ll
итого 24
drwxrwxr-x  6 mordvin  mordvin    4096 июн  3 12:01 ./
drwxr-x--- 18 mordvin  mordvin    4096 сен  7 16:12 ../
drwxrwxr-x  5 mordvin  mordvin    4096 июн 19 12:09 Containerization/
drwxrwxr-x  3 mordvin  mordvin    4096 мая 17 15:25 MordvinDZ2forLinux/
drwxrwxr-x  3 www-data sambashare 4096 мая 18 15:14 MordvinDZ3forLinux/
drwxr-xr-x  3 root     root       4096 мая 30 19:46 MordvinDZ8forLinux/
root@LenovoLinux:/home/mordvin/Documents# mkdir final_test
root@LenovoLinux:/home/mordvin/Documents# cd final_test/
root@LenovoLinux:/home/mordvin/Documents/final_test# cat > Pets.txt
Dog
Cat
HamsterKombat!)))
root@LenovoLinux:/home/mordvin/Documents/final_test# cat > PackAnimals.txt
Horse
Camel
Donkey
root@LenovoLinux:/home/mordvin/Documents/final_test# cat Pets.txt PackAnimals.txt > Animals.txt
root@LenovoLinux:/home/mordvin/Documents/final_test# cat Animals.txt
Dog
Cat
HamsterKombat!)))
Horse
Camel
Donkey
root@LenovoLinux:/home/mordvin/Documents/final_test# mv Animals.txt HumanFriends.txt
root@LenovoLinux:/home/mordvin/Documents/final_test# ls
HumanFriends.txt  PackAnimals.txt  Pets.txt
root@LenovoLinux:/home/mordvin/Documents/final_test# mkdir task2
root@LenovoLinux:/home/mordvin/Documents/final_test# ls
HumanFriends.txt  PackAnimals.txt  Pets.txt  task2
root@LenovoLinux:/home/mordvin/Documents/final_test# mv HumanFriends.txt ./task2/HumanFriends.txt
root@LenovoLinux:/home/mordvin/Documents/final_test# ls
PackAnimals.txt  Pets.txt  task2
root@LenovoLinux:/home/mordvin/Documents/final_test# cd task2/
root@LenovoLinux:/home/mordvin/Documents/final_test/task2# ls
HumanFriends.txt
root@LenovoLinux:/home/mordvin/Documents/final_test/task2#
exit
mordvin@LenovoLinux:~$ exit
выход
Connection to localhost closed.
PS C:\Windows\system32> D:
PS D:\> cd d:\Users\Lenovo\Documents\GB\FinalTest\
PS D:\Users\Lenovo\Documents\GB\FinalTest> git init
Initialized empty Git repository in D:/Users/Lenovo/Documents/GB/FinalTest/.git/
PS D:\Users\Lenovo\Documents\GB\FinalTest> git branch -m master main
PS D:\Users\Lenovo\Documents\GB\FinalTest> git status
On branch main

No commits yet

Untracked files:
  (use "git add <file>..." to include in what will be committed)
        Linux/

nothing added to commit but untracked files present (use "git add" to track)
PS D:\Users\Lenovo\Documents\GB\FinalTest> git add .\Linux\
PS D:\Users\Lenovo\Documents\GB\FinalTest> git commit -a -m "add Task1-2 for Linux"